Archive member included because of file (symbol)

c:/winavr-20100110/bin/../lib/gcc/avr/4.3.3/avr5\libgcc.a(_mulsi3.o)
                              ./src/Service_Layer/FreeRTOS/Src/integer.o (__mulsi3)
c:/winavr-20100110/bin/../lib/gcc/avr/4.3.3/avr5\libgcc.a(_udivmodsi4.o)
                              ./src/MCAL/usart_driver.o (__udivmodsi4)
c:/winavr-20100110/bin/../lib/gcc/avr/4.3.3/avr5\libgcc.a(_divmodsi4.o)
                              ./src/Service_Layer/FreeRTOS/Src/integer.o (__divmodsi4)
c:/winavr-20100110/bin/../lib/gcc/avr/4.3.3/avr5\libgcc.a(_exit.o)
                              c:/winavr-20100110/bin/../lib/gcc/avr/4.3.3/../../../../avr/lib/avr5/crtm32.o (exit)
c:/winavr-20100110/bin/../lib/gcc/avr/4.3.3/avr5\libgcc.a(_copy_data.o)
                              ./src/Service_Layer/FreeRTOS/Src/PollQ.o (__do_copy_data)
c:/winavr-20100110/bin/../lib/gcc/avr/4.3.3/avr5\libgcc.a(_clear_bss.o)
                              ./src/Service_Layer/FreeRTOS/Src/PollQ.o (__do_clear_bss)
c:/winavr-20100110/bin/../lib/gcc/avr/4.3.3/avr5\libgcc.a(_fixunssfsi.o)
                              ./src/HAL/LDR.o (__fixunssfsi)
c:/winavr-20100110/bin/../lib/gcc/avr/4.3.3/avr5\libgcc.a(_addsub_sf.o)
                              c:/winavr-20100110/bin/../lib/gcc/avr/4.3.3/avr5\libgcc.a(_fixunssfsi.o) (__subsf3)
c:/winavr-20100110/bin/../lib/gcc/avr/4.3.3/avr5\libgcc.a(_mul_sf.o)
                              ./src/HAL/LDR.o (__mulsf3)
c:/winavr-20100110/bin/../lib/gcc/avr/4.3.3/avr5\libgcc.a(_div_sf.o)
                              ./src/HAL/LDR.o (__divsf3)
c:/winavr-20100110/bin/../lib/gcc/avr/4.3.3/avr5\libgcc.a(_ge_sf.o)
                              c:/winavr-20100110/bin/../lib/gcc/avr/4.3.3/avr5\libgcc.a(_fixunssfsi.o) (__gesf2)
c:/winavr-20100110/bin/../lib/gcc/avr/4.3.3/avr5\libgcc.a(_si_to_sf.o)
                              ./src/HAL/LDR.o (__floatsisf)
c:/winavr-20100110/bin/../lib/gcc/avr/4.3.3/avr5\libgcc.a(_sf_to_si.o)
                              c:/winavr-20100110/bin/../lib/gcc/avr/4.3.3/avr5\libgcc.a(_fixunssfsi.o) (__fixsfsi)
c:/winavr-20100110/bin/../lib/gcc/avr/4.3.3/avr5\libgcc.a(_thenan_sf.o)
                              c:/winavr-20100110/bin/../lib/gcc/avr/4.3.3/avr5\libgcc.a(_addsub_sf.o) (__thenan_sf)
c:/winavr-20100110/bin/../lib/gcc/avr/4.3.3/avr5\libgcc.a(_usi_to_sf.o)
                              ./src/HAL/Temperature.o (__floatunsisf)
c:/winavr-20100110/bin/../lib/gcc/avr/4.3.3/avr5\libgcc.a(_prologue.o)
                              c:/winavr-20100110/bin/../lib/gcc/avr/4.3.3/avr5\libgcc.a(_addsub_sf.o) (__prologue_saves__)
c:/winavr-20100110/bin/../lib/gcc/avr/4.3.3/avr5\libgcc.a(_epilogue.o)
                              c:/winavr-20100110/bin/../lib/gcc/avr/4.3.3/avr5\libgcc.a(_addsub_sf.o) (__epilogue_restores__)
c:/winavr-20100110/bin/../lib/gcc/avr/4.3.3/avr5\libgcc.a(_clzsi2.o)
                              c:/winavr-20100110/bin/../lib/gcc/avr/4.3.3/avr5\libgcc.a(_si_to_sf.o) (__clzsi2)
c:/winavr-20100110/bin/../lib/gcc/avr/4.3.3/avr5\libgcc.a(_pack_sf.o)
                              c:/winavr-20100110/bin/../lib/gcc/avr/4.3.3/avr5\libgcc.a(_addsub_sf.o) (__pack_f)
c:/winavr-20100110/bin/../lib/gcc/avr/4.3.3/avr5\libgcc.a(_unpack_sf.o)
                              c:/winavr-20100110/bin/../lib/gcc/avr/4.3.3/avr5\libgcc.a(_addsub_sf.o) (__unpack_f)
c:/winavr-20100110/bin/../lib/gcc/avr/4.3.3/avr5\libgcc.a(_fpcmp_parts_sf.o)
                              c:/winavr-20100110/bin/../lib/gcc/avr/4.3.3/avr5\libgcc.a(_ge_sf.o) (__fpcmp_parts_f)
c:/winavr-20100110/bin/../lib/gcc/avr/4.3.3/avr5\libgcc.a(_clz.o)
                              c:/winavr-20100110/bin/../lib/gcc/avr/4.3.3/avr5\libgcc.a(_clzsi2.o) (__clz_tab)
c:/winavr-20100110/bin/../lib/gcc/avr/4.3.3/../../../../avr/lib/avr5\libc.a(memcpy.o)
                              ./src/Service_Layer/FreeRTOS/Src/queue.o (memcpy)
c:/winavr-20100110/bin/../lib/gcc/avr/4.3.3/../../../../avr/lib/avr5\libc.a(itoa.o)
                              ./src/HAL/LCD.o (itoa)
c:/winavr-20100110/bin/../lib/gcc/avr/4.3.3/../../../../avr/lib/avr5\libc.a(strrev.o)
                              c:/winavr-20100110/bin/../lib/gcc/avr/4.3.3/../../../../avr/lib/avr5\libc.a(itoa.o) (strrev)
c:/winavr-20100110/bin/../lib/gcc/avr/4.3.3/avr5\libgcc.a(_udivmodhi4.o)
                              c:/winavr-20100110/bin/../lib/gcc/avr/4.3.3/../../../../avr/lib/avr5\libc.a(itoa.o) (__udivmodhi4)

Allocating common symbols
Common symbol       size              file

BS_RXC_Interrupt    0x2               ./src/APP/main.o
BS_TXC_Interrupt    0x2               ./src/APP/main.o
LightData           0x5               ./src/APP/main.o
Pending_Data_F      0x1               ./src/APP/main.o
Q_Uart_RX           0x2               ./src/APP/main.o
Q_Uart_TX           0x2               ./src/APP/main.o
TempData            0x5               ./src/APP/main.o
Q_Order             0x2               ./src/APP/main.o
Mutex_Data          0x2               ./src/APP/main.o

Memory Configuration

Name             Origin             Length             Attributes
text             0x00000000         0x00020000         xr
data             0x00800060         0x0000ffa0         rw !x
eeprom           0x00810000         0x00010000         rw !x
fuse             0x00820000         0x00000400         rw !x
lock             0x00830000         0x00000400         rw !x
signature        0x00840000         0x00000400         rw !x
*default*        0x00000000         0xffffffff

Linker script and memory map

LOAD c:/winavr-20100110/bin/../lib/gcc/avr/4.3.3/../../../../avr/lib/avr5/crtm32.o
LOAD ./src/Service_Layer/FreeRTOS/Src/PollQ.o
LOAD ./src/Service_Layer/FreeRTOS/Src/croutine.o
LOAD ./src/Service_Layer/FreeRTOS/Src/event_groups.o
LOAD ./src/Service_Layer/FreeRTOS/Src/heap_1.o
LOAD ./src/Service_Layer/FreeRTOS/Src/integer.o
LOAD ./src/Service_Layer/FreeRTOS/Src/list.o
LOAD ./src/Service_Layer/FreeRTOS/Src/port.o
LOAD ./src/Service_Layer/FreeRTOS/Src/queue.o
LOAD ./src/Service_Layer/FreeRTOS/Src/tasks.o
LOAD ./src/MCAL/ADC.o
LOAD ./src/MCAL/DIO.o
LOAD ./src/MCAL/usart_driver.o
LOAD ./src/HAL/LCD.o
LOAD ./src/HAL/LDR.o
LOAD ./src/HAL/Temperature.o
LOAD ./src/HAL/Wifi_ESP8266.o
LOAD ./src/APP/T_DataInputs.o
LOAD ./src/APP/T_Display.o
LOAD ./src/APP/T_Execute.o
LOAD ./src/APP/T_Receive.o
LOAD ./src/APP/T_TX_Handler.o
LOAD ./src/APP/T_Transmit.o
LOAD ./src/APP/main.o
LOAD c:/winavr-20100110/bin/../lib/gcc/avr/4.3.3/avr5\libgcc.a
LOAD c:/winavr-20100110/bin/../lib/gcc/avr/4.3.3/../../../../avr/lib/avr5\libc.a
LOAD c:/winavr-20100110/bin/../lib/gcc/avr/4.3.3/avr5\libgcc.a

.hash
 *(.hash)

.dynsym
 *(.dynsym)

.dynstr
 *(.dynstr)

.gnu.version
 *(.gnu.version)

.gnu.version_d
 *(.gnu.version_d)

.gnu.version_r
 *(.gnu.version_r)

.rel.init
 *(.rel.init)

.rela.init
 *(.rela.init)

.rel.text
 *(.rel.text)
 *(.rel.text.*)
 *(.rel.gnu.linkonce.t*)

.rela.text
 *(.rela.text)
 *(.rela.text.*)
 *(.rela.gnu.linkonce.t*)

.rel.fini
 *(.rel.fini)

.rela.fini
 *(.rela.fini)

.rel.rodata
 *(.rel.rodata)
 *(.rel.rodata.*)
 *(.rel.gnu.linkonce.r*)

.rela.rodata
 *(.rela.rodata)
 *(.rela.rodata.*)
 *(.rela.gnu.linkonce.r*)

.rel.data
 *(.rel.data)
 *(.rel.data.*)
 *(.rel.gnu.linkonce.d*)

.rela.data
 *(.rela.data)
 *(.rela.data.*)
 *(.rela.gnu.linkonce.d*)

.rel.ctors
 *(.rel.ctors)

.rela.ctors
 *(.rela.ctors)

.rel.dtors
 *(.rel.dtors)

.rela.dtors
 *(.rela.dtors)

.rel.got
 *(.rel.got)

.rela.got
 *(.rela.got)

.rel.bss
 *(.rel.bss)

.rela.bss
 *(.rela.bss)

.rel.plt
 *(.rel.plt)

.rela.plt
 *(.rela.plt)

.text           0x00000000     0x3ba4
 *(.vectors)
 .vectors       0x00000000       0x54 c:/winavr-20100110/bin/../lib/gcc/avr/4.3.3/../../../../avr/lib/avr5/crtm32.o
                0x00000000                __vectors
                0x00000000                __vector_default
 *(.vectors)
 *(.progmem.gcc*)
 *(.progmem*)
                0x00000054                . = ALIGN (0x2)
                0x00000054                __trampolines_start = .
 *(.trampolines)
 .trampolines   0x00000054        0x0 linker stubs
 *(.trampolines*)
                0x00000054                __trampolines_end = .
 *(.jumptables)
 *(.jumptables*)
 *(.lowtext)
 *(.lowtext*)
                0x00000054                __ctors_start = .
 *(.ctors)
                0x00000054                __ctors_end = .
                0x00000054                __dtors_start = .
 *(.dtors)
                0x00000054                __dtors_end = .
 SORT(*)(.ctors)
 SORT(*)(.dtors)
 *(.init0)
 .init0         0x00000054        0x0 c:/winavr-20100110/bin/../lib/gcc/avr/4.3.3/../../../../avr/lib/avr5/crtm32.o
                0x00000054                __init
 *(.init0)
 *(.init1)
 *(.init1)
 *(.init2)
 .init2         0x00000054        0xc c:/winavr-20100110/bin/../lib/gcc/avr/4.3.3/../../../../avr/lib/avr5/crtm32.o
 *(.init2)
 *(.init3)
 *(.init3)
 *(.init4)
 .init4         0x00000060       0x16 c:/winavr-20100110/bin/../lib/gcc/avr/4.3.3/avr5\libgcc.a(_copy_data.o)
                0x00000060                __do_copy_data
 .init4         0x00000076       0x10 c:/winavr-20100110/bin/../lib/gcc/avr/4.3.3/avr5\libgcc.a(_clear_bss.o)
                0x00000076                __do_clear_bss
 *(.init4)
 *(.init5)
 *(.init5)
 *(.init6)
 *(.init6)
 *(.init7)
 *(.init7)
 *(.init8)
 *(.init8)
 *(.init9)
 .init9         0x00000086        0x8 c:/winavr-20100110/bin/../lib/gcc/avr/4.3.3/../../../../avr/lib/avr5/crtm32.o
 *(.init9)
 *(.text)
 .text          0x0000008e        0x4 c:/winavr-20100110/bin/../lib/gcc/avr/4.3.3/../../../../avr/lib/avr5/crtm32.o
                0x0000008e                __vector_1
                0x0000008e                __vector_12
                0x0000008e                __bad_interrupt
                0x0000008e                __vector_6
                0x0000008e                __vector_3
                0x0000008e                __vector_11
                0x0000008e                __vector_17
                0x0000008e                __vector_19
                0x0000008e                __vector_5
                0x0000008e                __vector_4
                0x0000008e                __vector_9
                0x0000008e                __vector_2
                0x0000008e                __vector_8
                0x0000008e                __vector_14
                0x0000008e                __vector_10
                0x0000008e                __vector_16
                0x0000008e                __vector_18
                0x0000008e                __vector_20
 .text          0x00000092        0x0 ./src/Service_Layer/FreeRTOS/Src/PollQ.o
 .text          0x00000092        0x0 ./src/Service_Layer/FreeRTOS/Src/croutine.o
 .text          0x00000092        0x0 ./src/Service_Layer/FreeRTOS/Src/event_groups.o
 .text          0x00000092        0x0 ./src/Service_Layer/FreeRTOS/Src/heap_1.o
 .text          0x00000092        0x0 ./src/Service_Layer/FreeRTOS/Src/integer.o
 .text          0x00000092        0x0 ./src/Service_Layer/FreeRTOS/Src/list.o
 .text          0x00000092        0x0 ./src/Service_Layer/FreeRTOS/Src/port.o
 .text          0x00000092        0x0 ./src/Service_Layer/FreeRTOS/Src/queue.o
 .text          0x00000092        0x0 ./src/Service_Layer/FreeRTOS/Src/tasks.o
 .text          0x00000092        0x0 ./src/MCAL/ADC.o
 .text          0x00000092        0x0 ./src/MCAL/DIO.o
 .text          0x00000092        0x0 ./src/MCAL/usart_driver.o
 .text          0x00000092        0x0 ./src/HAL/LCD.o
 .text          0x00000092        0x0 ./src/HAL/LDR.o
 .text          0x00000092        0x0 ./src/HAL/Temperature.o
 .text          0x00000092        0x0 ./src/HAL/Wifi_ESP8266.o
 .text          0x00000092        0x0 ./src/APP/T_DataInputs.o
 .text          0x00000092        0x0 ./src/APP/T_Display.o
 .text          0x00000092        0x0 ./src/APP/T_Execute.o
 .text          0x00000092        0x0 ./src/APP/T_Receive.o
 .text          0x00000092        0x0 ./src/APP/T_TX_Handler.o
 .text          0x00000092        0x0 ./src/APP/T_Transmit.o
 .text          0x00000092        0x0 ./src/APP/main.o
 .text          0x00000092        0x0 c:/winavr-20100110/bin/../lib/gcc/avr/4.3.3/avr5\libgcc.a(_mulsi3.o)
 .text          0x00000092        0x0 c:/winavr-20100110/bin/../lib/gcc/avr/4.3.3/avr5\libgcc.a(_udivmodsi4.o)
 .text          0x00000092        0x0 c:/winavr-20100110/bin/../lib/gcc/avr/4.3.3/avr5\libgcc.a(_divmodsi4.o)
 .text          0x00000092        0x0 c:/winavr-20100110/bin/../lib/gcc/avr/4.3.3/avr5\libgcc.a(_exit.o)
 .text          0x00000092        0x0 c:/winavr-20100110/bin/../lib/gcc/avr/4.3.3/avr5\libgcc.a(_copy_data.o)
 .text          0x00000092        0x0 c:/winavr-20100110/bin/../lib/gcc/avr/4.3.3/avr5\libgcc.a(_clear_bss.o)
 .text          0x00000092       0x58 c:/winavr-20100110/bin/../lib/gcc/avr/4.3.3/avr5\libgcc.a(_fixunssfsi.o)
                0x00000092                __fixunssfsi
 .text          0x000000ea      0x354 c:/winavr-20100110/bin/../lib/gcc/avr/4.3.3/avr5\libgcc.a(_addsub_sf.o)
                0x00000382                __subsf3
                0x000003e4                __addsf3
 .text          0x0000043e      0x1f4 c:/winavr-20100110/bin/../lib/gcc/avr/4.3.3/avr5\libgcc.a(_mul_sf.o)
                0x0000043e                __mulsf3
 .text          0x00000632      0x158 c:/winavr-20100110/bin/../lib/gcc/avr/4.3.3/avr5\libgcc.a(_div_sf.o)
                0x00000632                __divsf3
 .text          0x0000078a       0x60 c:/winavr-20100110/bin/../lib/gcc/avr/4.3.3/avr5\libgcc.a(_ge_sf.o)
                0x0000078a                __gesf2
 .text          0x000007ea       0xbc c:/winavr-20100110/bin/../lib/gcc/avr/4.3.3/avr5\libgcc.a(_si_to_sf.o)
                0x000007ea                __floatsisf
 .text          0x000008a6       0xa8 c:/winavr-20100110/bin/../lib/gcc/avr/4.3.3/avr5\libgcc.a(_sf_to_si.o)
                0x000008a6                __fixsfsi
 .text          0x0000094e        0x0 c:/winavr-20100110/bin/../lib/gcc/avr/4.3.3/avr5\libgcc.a(_thenan_sf.o)
 .text          0x0000094e       0xf2 c:/winavr-20100110/bin/../lib/gcc/avr/4.3.3/avr5\libgcc.a(_usi_to_sf.o)
                0x0000094e                __floatunsisf
 .text          0x00000a40        0x0 c:/winavr-20100110/bin/../lib/gcc/avr/4.3.3/avr5\libgcc.a(_prologue.o)
 .text          0x00000a40        0x0 c:/winavr-20100110/bin/../lib/gcc/avr/4.3.3/avr5\libgcc.a(_epilogue.o)
 .text          0x00000a40       0x9e c:/winavr-20100110/bin/../lib/gcc/avr/4.3.3/avr5\libgcc.a(_clzsi2.o)
                0x00000a40                __clzsi2
 .text          0x00000ade      0x1aa c:/winavr-20100110/bin/../lib/gcc/avr/4.3.3/avr5\libgcc.a(_pack_sf.o)
                0x00000ade                __pack_f
 .text          0x00000c88       0xf0 c:/winavr-20100110/bin/../lib/gcc/avr/4.3.3/avr5\libgcc.a(_unpack_sf.o)
                0x00000c88                __unpack_f
 .text          0x00000d78       0xb2 c:/winavr-20100110/bin/../lib/gcc/avr/4.3.3/avr5\libgcc.a(_fpcmp_parts_sf.o)
                0x00000d78                __fpcmp_parts_f
 .text          0x00000e2a        0x0 c:/winavr-20100110/bin/../lib/gcc/avr/4.3.3/avr5\libgcc.a(_clz.o)
 .text          0x00000e2a        0x0 c:/winavr-20100110/bin/../lib/gcc/avr/4.3.3/../../../../avr/lib/avr5\libc.a(memcpy.o)
 .text          0x00000e2a        0x0 c:/winavr-20100110/bin/../lib/gcc/avr/4.3.3/../../../../avr/lib/avr5\libc.a(itoa.o)
 .text          0x00000e2a        0x0 c:/winavr-20100110/bin/../lib/gcc/avr/4.3.3/../../../../avr/lib/avr5\libc.a(strrev.o)
 .text          0x00000e2a        0x0 c:/winavr-20100110/bin/../lib/gcc/avr/4.3.3/avr5\libgcc.a(_udivmodhi4.o)
                0x00000e2a                . = ALIGN (0x2)
 *(.text.*)
 .text.xArePollingQueuesStillRunning
                0x00000e2a       0x1a ./src/Service_Layer/FreeRTOS/Src/PollQ.o
                0x00000e2a                xArePollingQueuesStillRunning
 .text.vStartPolledQueueTasks
                0x00000e44       0x78 ./src/Service_Layer/FreeRTOS/Src/PollQ.o
                0x00000e44                vStartPolledQueueTasks
 .text.vPolledQueueProducer
                0x00000ebc       0x78 ./src/Service_Layer/FreeRTOS/Src/PollQ.o
 .text.vPolledQueueConsumer
                0x00000f34       0x92 ./src/Service_Layer/FreeRTOS/Src/PollQ.o
 .text.xCoRoutineRemoveFromEventList
                0x00000fc6       0x50 ./src/Service_Layer/FreeRTOS/Src/croutine.o
                0x00000fc6                xCoRoutineRemoveFromEventList
 .text.vCoRoutineSchedule
                0x00001016      0x1c0 ./src/Service_Layer/FreeRTOS/Src/croutine.o
                0x00001016                vCoRoutineSchedule
 .text.vCoRoutineAddToDelayedList
                0x000011d6       0x7a ./src/Service_Layer/FreeRTOS/Src/croutine.o
                0x000011d6                vCoRoutineAddToDelayedList
 .text.xCoRoutineCreate
                0x00001250       0xf4 ./src/Service_Layer/FreeRTOS/Src/croutine.o
                0x00001250                xCoRoutineCreate
 .text.xEventGroupClearBits
                0x00001344       0x20 ./src/Service_Layer/FreeRTOS/Src/event_groups.o
                0x00001344                xEventGroupClearBits
 .text.xEventGroupGetBitsFromISR
                0x00001364        0x8 ./src/Service_Layer/FreeRTOS/Src/event_groups.o
                0x00001364                xEventGroupGetBitsFromISR
 .text.vEventGroupClearBitsCallback
                0x0000136c        0x8 ./src/Service_Layer/FreeRTOS/Src/event_groups.o
                0x0000136c                vEventGroupClearBitsCallback
 .text.vEventGroupDelete
                0x00001374       0x2e ./src/Service_Layer/FreeRTOS/Src/event_groups.o
                0x00001374                vEventGroupDelete
 .text.xEventGroupSetBits
                0x000013a2       0xb0 ./src/Service_Layer/FreeRTOS/Src/event_groups.o
                0x000013a2                xEventGroupSetBits
 .text.vEventGroupSetBitsCallback
                0x00001452        0x8 ./src/Service_Layer/FreeRTOS/Src/event_groups.o
                0x00001452                vEventGroupSetBitsCallback
 .text.xEventGroupWaitBits
                0x0000145a      0x100 ./src/Service_Layer/FreeRTOS/Src/event_groups.o
                0x0000145a                xEventGroupWaitBits
 .text.xEventGroupSync
                0x0000155a       0xe6 ./src/Service_Layer/FreeRTOS/Src/event_groups.o
                0x0000155a                xEventGroupSync
 .text.xEventGroupCreate
                0x00001640       0x26 ./src/Service_Layer/FreeRTOS/Src/event_groups.o
                0x00001640                xEventGroupCreate
 .text.vPortFree
                0x00001666        0x2 ./src/Service_Layer/FreeRTOS/Src/heap_1.o
                0x00001666                vPortFree
 .text.vPortInitialiseBlocks
                0x00001668        0xa ./src/Service_Layer/FreeRTOS/Src/heap_1.o
                0x00001668                vPortInitialiseBlocks
 .text.xPortGetFreeHeapSize
                0x00001672       0x14 ./src/Service_Layer/FreeRTOS/Src/heap_1.o
                0x00001672                xPortGetFreeHeapSize
 .text.pvPortMalloc
                0x00001686       0x64 ./src/Service_Layer/FreeRTOS/Src/heap_1.o
                0x00001686                pvPortMalloc
 .text.vCompeteingIntMathTask
                0x000016ea       0xc0 ./src/Service_Layer/FreeRTOS/Src/integer.o
 .text.xAreIntegerMathsTaskStillRunning
                0x000017aa        0xe ./src/Service_Layer/FreeRTOS/Src/integer.o
                0x000017aa                xAreIntegerMathsTaskStillRunning
 .text.vStartIntegerMathTasks
                0x000017b8       0x40 ./src/Service_Layer/FreeRTOS/Src/integer.o
                0x000017b8                vStartIntegerMathTasks
 .text.vListInitialise
                0x000017f8       0x20 ./src/Service_Layer/FreeRTOS/Src/list.o
                0x000017f8                vListInitialise
 .text.vListInitialiseItem
                0x00001818        0x8 ./src/Service_Layer/FreeRTOS/Src/list.o
                0x00001818                vListInitialiseItem
 .text.vListInsertEnd
                0x00001820       0x3e ./src/Service_Layer/FreeRTOS/Src/list.o
                0x00001820                vListInsertEnd
 .text.vListInsert
                0x0000185e       0x64 ./src/Service_Layer/FreeRTOS/Src/list.o
                0x0000185e                vListInsert
 .text.uxListRemove
                0x000018c2       0x54 ./src/Service_Layer/FreeRTOS/Src/list.o
                0x000018c2                uxListRemove
 .text.pxPortInitialiseStack
                0x00001916       0x90 ./src/Service_Layer/FreeRTOS/Src/port.o
                0x00001916                pxPortInitialiseStack
 .text.xPortStartScheduler
                0x000019a6       0x6a ./src/Service_Layer/FreeRTOS/Src/port.o
                0x000019a6                xPortStartScheduler
 .text.vPortEndScheduler
                0x00001a10        0x2 ./src/Service_Layer/FreeRTOS/Src/port.o
                0x00001a10                vPortEndScheduler
 .text.vPortYieldFromTick
                0x00001a12       0xba ./src/Service_Layer/FreeRTOS/Src/port.o
                0x00001a12                vPortYieldFromTick
 .text.__vector_7
                0x00001acc        0x6 ./src/Service_Layer/FreeRTOS/Src/port.o
                0x00001acc                __vector_7
 .text.vPortYield
                0x00001ad2       0xb2 ./src/Service_Layer/FreeRTOS/Src/port.o
                0x00001ad2                vPortYield
 .text.uxQueueMessagesWaiting
                0x00001b84       0x10 ./src/Service_Layer/FreeRTOS/Src/queue.o
                0x00001b84                uxQueueMessagesWaiting
 .text.uxQueueSpacesAvailable
                0x00001b94       0x14 ./src/Service_Layer/FreeRTOS/Src/queue.o
                0x00001b94                uxQueueSpacesAvailable
 .text.uxQueueMessagesWaitingFromISR
                0x00001ba8        0x6 ./src/Service_Layer/FreeRTOS/Src/queue.o
                0x00001ba8                uxQueueMessagesWaitingFromISR
 .text.xQueueIsQueueEmptyFromISR
                0x00001bae       0x10 ./src/Service_Layer/FreeRTOS/Src/queue.o
                0x00001bae                xQueueIsQueueEmptyFromISR
 .text.xQueueIsQueueFullFromISR
                0x00001bbe       0x12 ./src/Service_Layer/FreeRTOS/Src/queue.o
                0x00001bbe                xQueueIsQueueFullFromISR
 .text.prvCopyDataFromQueue
                0x00001bd0       0x3c ./src/Service_Layer/FreeRTOS/Src/queue.o
 .text.xQueuePeekFromISR
                0x00001c0c       0x2a ./src/Service_Layer/FreeRTOS/Src/queue.o
                0x00001c0c                xQueuePeekFromISR
 .text.xQueueCRReceiveFromISR
                0x00001c36       0x76 ./src/Service_Layer/FreeRTOS/Src/queue.o
                0x00001c36                xQueueCRReceiveFromISR
 .text.prvCopyDataToQueue
                0x00001cac       0xb4 ./src/Service_Layer/FreeRTOS/Src/queue.o
 .text.xQueueCRSendFromISR
                0x00001d60       0x3e ./src/Service_Layer/FreeRTOS/Src/queue.o
                0x00001d60                xQueueCRSendFromISR
 .text.xQueueCRReceive
                0x00001d9e       0x8a ./src/Service_Layer/FreeRTOS/Src/queue.o
                0x00001d9e                xQueueCRReceive
 .text.xQueueCRSend
                0x00001e28       0x6c ./src/Service_Layer/FreeRTOS/Src/queue.o
                0x00001e28                xQueueCRSend
 .text.vQueueDelete
                0x00001e94       0x1e ./src/Service_Layer/FreeRTOS/Src/queue.o
                0x00001e94                vQueueDelete
 .text.xQueueReceiveFromISR
                0x00001eb2       0x56 ./src/Service_Layer/FreeRTOS/Src/queue.o
                0x00001eb2                xQueueReceiveFromISR
 .text.xQueueGenericSendFromISR
                0x00001f08       0x6c ./src/Service_Layer/FreeRTOS/Src/queue.o
                0x00001f08                xQueueGenericSendFromISR
 .text.prvUnlockQueue
                0x00001f74       0x80 ./src/Service_Layer/FreeRTOS/Src/queue.o
 .text.xQueueGenericReceive
                0x00001ff4      0x198 ./src/Service_Layer/FreeRTOS/Src/queue.o
                0x00001ff4                xQueueGenericReceive
 .text.xQueueGenericSend
                0x0000218c      0x156 ./src/Service_Layer/FreeRTOS/Src/queue.o
                0x0000218c                xQueueGenericSend
 .text.xQueueCreateMutex
                0x000022e2       0x58 ./src/Service_Layer/FreeRTOS/Src/queue.o
                0x000022e2                xQueueCreateMutex
 .text.xQueueGenericReset
                0x0000233a       0x84 ./src/Service_Layer/FreeRTOS/Src/queue.o
                0x0000233a                xQueueGenericReset
 .text.xQueueGenericCreate
                0x000023be       0x58 ./src/Service_Layer/FreeRTOS/Src/queue.o
                0x000023be                xQueueGenericCreate
 .text.xQueueCreateCountingSemaphore
                0x00002416       0x1a ./src/Service_Layer/FreeRTOS/Src/queue.o
                0x00002416                xQueueCreateCountingSemaphore
 .text.vTaskSuspendAll
                0x00002430        0xc ./src/Service_Layer/FreeRTOS/Src/tasks.o
                0x00002430                vTaskSuspendAll
 .text.xTaskGetTickCount
                0x0000243c       0x16 ./src/Service_Layer/FreeRTOS/Src/tasks.o
                0x0000243c                xTaskGetTickCount
 .text.xTaskGetTickCountFromISR
                0x00002452        0xc ./src/Service_Layer/FreeRTOS/Src/tasks.o
                0x00002452                xTaskGetTickCountFromISR
 .text.uxTaskGetNumberOfTasks
                0x0000245e        0x6 ./src/Service_Layer/FreeRTOS/Src/tasks.o
                0x0000245e                uxTaskGetNumberOfTasks
 .text.vTaskSwitchContext
                0x00002464       0x92 ./src/Service_Layer/FreeRTOS/Src/tasks.o
                0x00002464                vTaskSwitchContext
 .text.vTaskSetTimeOutState
                0x000024f6       0x16 ./src/Service_Layer/FreeRTOS/Src/tasks.o
                0x000024f6                vTaskSetTimeOutState
 .text.xTaskCheckForTimeOut
                0x0000250c       0x66 ./src/Service_Layer/FreeRTOS/Src/tasks.o
                0x0000250c                xTaskCheckForTimeOut
 .text.vTaskMissedYield
                0x00002572        0x8 ./src/Service_Layer/FreeRTOS/Src/tasks.o
                0x00002572                vTaskMissedYield
 .text.xTaskGetCurrentTaskHandle
                0x0000257a        0xc ./src/Service_Layer/FreeRTOS/Src/tasks.o
                0x0000257a                xTaskGetCurrentTaskHandle
 .text.uxTaskResetEventItemValue
                0x00002586       0x30 ./src/Service_Layer/FreeRTOS/Src/tasks.o
                0x00002586                uxTaskResetEventItemValue
 .text.pvTaskIncrementMutexHeldCount
                0x000025b6       0x26 ./src/Service_Layer/FreeRTOS/Src/tasks.o
                0x000025b6                pvTaskIncrementMutexHeldCount
 .text.xTaskPriorityDisinherit
                0x000025dc       0x6a ./src/Service_Layer/FreeRTOS/Src/tasks.o
                0x000025dc                xTaskPriorityDisinherit
 .text.vTaskPriorityInherit
                0x00002646       0xa4 ./src/Service_Layer/FreeRTOS/Src/tasks.o
                0x00002646                vTaskPriorityInherit
 .text.xTaskRemoveFromUnorderedEventList
                0x000026ea       0x68 ./src/Service_Layer/FreeRTOS/Src/tasks.o
                0x000026ea                xTaskRemoveFromUnorderedEventList
 .text.xTaskRemoveFromEventList
                0x00002752       0x80 ./src/Service_Layer/FreeRTOS/Src/tasks.o
                0x00002752                xTaskRemoveFromEventList
 .text.xTaskIncrementTick
                0x000027d2      0x194 ./src/Service_Layer/FreeRTOS/Src/tasks.o
                0x000027d2                xTaskIncrementTick
 .text.prvAddCurrentTaskToDelayedList
                0x00002966       0x6e ./src/Service_Layer/FreeRTOS/Src/tasks.o
 .text.vTaskPlaceOnUnorderedEventList
                0x000029d4       0x48 ./src/Service_Layer/FreeRTOS/Src/tasks.o
                0x000029d4                vTaskPlaceOnUnorderedEventList
 .text.vTaskPlaceOnEventList
                0x00002a1c       0x3a ./src/Service_Layer/FreeRTOS/Src/tasks.o
                0x00002a1c                vTaskPlaceOnEventList
 .text.xTaskResumeAll
                0x00002a56       0xe4 ./src/Service_Layer/FreeRTOS/Src/tasks.o
                0x00002a56                xTaskResumeAll
 .text.vTaskDelay
                0x00002b3a       0x4e ./src/Service_Layer/FreeRTOS/Src/tasks.o
                0x00002b3a                vTaskDelay
 .text.vTaskDelayUntil
                0x00002b88       0x70 ./src/Service_Layer/FreeRTOS/Src/tasks.o
                0x00002b88                vTaskDelayUntil
 .text.vTaskDelete
                0x00002bf8       0xc0 ./src/Service_Layer/FreeRTOS/Src/tasks.o
                0x00002bf8                vTaskDelete
 .text.vTaskEndScheduler
                0x00002cb8        0xc ./src/Service_Layer/FreeRTOS/Src/tasks.o
                0x00002cb8                vTaskEndScheduler
 .text.prvIdleTask
                0x00002cc4       0x74 ./src/Service_Layer/FreeRTOS/Src/tasks.o
 .text.xTaskGenericCreate
                0x00002d38      0x1fa ./src/Service_Layer/FreeRTOS/Src/tasks.o
                0x00002d38                xTaskGenericCreate
 .text.vTaskStartScheduler
                0x00002f32       0x56 ./src/Service_Layer/FreeRTOS/Src/tasks.o
                0x00002f32                vTaskStartScheduler
 .text.ADC_Init
                0x00002f88        0xa ./src/MCAL/ADC.o
                0x00002f88                ADC_Init
 .text.ADC_Read
                0x00002f92       0x1c ./src/MCAL/ADC.o
                0x00002f92                ADC_Read
 .text.DIO_InitPin
                0x00002fae      0x102 ./src/MCAL/DIO.o
                0x00002fae                DIO_InitPin
 .text.DIO_WritePin
                0x000030b0      0x102 ./src/MCAL/DIO.o
                0x000030b0                DIO_WritePin
 .text.DIO_InitPort
                0x000031b2       0x44 ./src/MCAL/DIO.o
                0x000031b2                DIO_InitPort
 .text.DIO_WritePort
                0x000031f6       0x44 ./src/MCAL/DIO.o
                0x000031f6                DIO_WritePort
 .text.DIO_ReadPin
                0x0000323a       0x5c ./src/MCAL/DIO.o
                0x0000323a                DIO_ReadPin
 .text.usart_init
                0x00003296       0x32 ./src/MCAL/usart_driver.o
                0x00003296                usart_init
 .text.__vector_15
                0x000032c8       0x5a ./src/MCAL/usart_driver.o
                0x000032c8                __vector_15
 .text.__vector_13
                0x00003322       0x8c ./src/MCAL/usart_driver.o
                0x00003322                __vector_13
 .text.LCD_IntToString
                0x000033ae        0xa ./src/HAL/LCD.o
                0x000033ae                LCD_IntToString
 .text.LCD_Send_character
                0x000033b8       0x54 ./src/HAL/LCD.o
                0x000033b8                LCD_Send_character
 .text.LCD_Send_String
                0x0000340c       0x18 ./src/HAL/LCD.o
                0x0000340c                LCD_Send_String
 .text.LCD_Send_Command
                0x00003424       0x58 ./src/HAL/LCD.o
                0x00003424                LCD_Send_Command
 .text.LCD_Set_Custom_Char
                0x0000347c       0x3c ./src/HAL/LCD.o
                0x0000347c                LCD_Set_Custom_Char
 .text.LCD_GoTO_Row_Colunmn
                0x000034b8       0x28 ./src/HAL/LCD.o
                0x000034b8                LCD_GoTO_Row_Colunmn
 .text.LCD_Send_String_Row_Column
                0x000034e0       0x16 ./src/HAL/LCD.o
                0x000034e0                LCD_Send_String_Row_Column
 .text.LCD_Clear_Display
                0x000034f6        0x8 ./src/HAL/LCD.o
                0x000034f6                LCD_Clear_Display
 .text.LCD_Init
                0x000034fe       0x2c ./src/HAL/LCD.o
                0x000034fe                LCD_Init
 .text.GetLDR   0x0000352a       0x42 ./src/HAL/LDR.o
                0x0000352a                GetLDR
 .text.InitLDR  0x0000356c        0xe ./src/HAL/LDR.o
                0x0000356c                InitLDR
 .text.GetTemperature
                0x0000357a       0x3e ./src/HAL/Temperature.o
                0x0000357a                GetTemperature
 .text.InitTemperature
                0x000035b8        0xe ./src/HAL/Temperature.o
                0x000035b8                InitTemperature
 .text.Wifi_Receive
                0x000035c6        0x6 ./src/HAL/Wifi_ESP8266.o
                0x000035c6                Wifi_Receive
 .text.Wifi_Send
                0x000035cc       0x54 ./src/HAL/Wifi_ESP8266.o
                0x000035cc                Wifi_Send
 .text.Init_Wifi
                0x00003620        0xa ./src/HAL/Wifi_ESP8266.o
                0x00003620                Init_Wifi
 .text.T_DataInputs
                0x0000362a       0x88 ./src/APP/T_DataInputs.o
                0x0000362a                T_DataInputs
 .text.Display_Data
                0x000036b2       0xca ./src/APP/T_Display.o
                0x000036b2                Display_Data
 .text.T_Display
                0x0000377c       0x2e ./src/APP/T_Display.o
                0x0000377c                T_Display
 .text.T_Execute
                0x000037aa       0x36 ./src/APP/T_Execute.o
                0x000037aa                T_Execute
 .text.T_Receive
                0x000037e0       0xba ./src/APP/T_Receive.o
                0x000037e0                T_Receive
 .text.T_TX_Handler
                0x0000389a       0x48 ./src/APP/T_TX_Handler.o
                0x0000389a                T_TX_Handler
 .text.T_Transmit
                0x000038e2        0xa ./src/APP/T_Transmit.o
                0x000038e2                T_Transmit
 .text.main     0x000038ec       0xb0 ./src/APP/main.o
                0x000038ec                main
 .text.sys_init
                0x0000399c       0x42 ./src/APP/main.o
                0x0000399c                sys_init
 .text.libgcc   0x000039de       0x3e c:/winavr-20100110/bin/../lib/gcc/avr/4.3.3/avr5\libgcc.a(_mulsi3.o)
                0x000039de                __mulsi3
 .text.libgcc   0x00003a1c       0x44 c:/winavr-20100110/bin/../lib/gcc/avr/4.3.3/avr5\libgcc.a(_udivmodsi4.o)
                0x00003a1c                __udivmodsi4
 .text.libgcc   0x00003a60       0x36 c:/winavr-20100110/bin/../lib/gcc/avr/4.3.3/avr5\libgcc.a(_divmodsi4.o)
                0x00003a60                __divmodsi4
 .text.libgcc   0x00003a96        0x0 c:/winavr-20100110/bin/../lib/gcc/avr/4.3.3/avr5\libgcc.a(_exit.o)
 .text.libgcc   0x00003a96        0x0 c:/winavr-20100110/bin/../lib/gcc/avr/4.3.3/avr5\libgcc.a(_copy_data.o)
 .text.libgcc   0x00003a96        0x0 c:/winavr-20100110/bin/../lib/gcc/avr/4.3.3/avr5\libgcc.a(_clear_bss.o)
 .text.libgcc   0x00003a96       0x38 c:/winavr-20100110/bin/../lib/gcc/avr/4.3.3/avr5\libgcc.a(_prologue.o)
                0x00003a96                __prologue_saves__
 .text.libgcc   0x00003ace       0x36 c:/winavr-20100110/bin/../lib/gcc/avr/4.3.3/avr5\libgcc.a(_epilogue.o)
                0x00003ace                __epilogue_restores__
 .text.avr-libc
                0x00003b04       0x12 c:/winavr-20100110/bin/../lib/gcc/avr/4.3.3/../../../../avr/lib/avr5\libc.a(memcpy.o)
                0x00003b04                memcpy
 .text.avr-libc
                0x00003b16       0x42 c:/winavr-20100110/bin/../lib/gcc/avr/4.3.3/../../../../avr/lib/avr5\libc.a(itoa.o)
                0x00003b16                itoa
 .text.avr-libc
                0x00003b58       0x20 c:/winavr-20100110/bin/../lib/gcc/avr/4.3.3/../../../../avr/lib/avr5\libc.a(strrev.o)
                0x00003b58                strrev
 .text.libgcc   0x00003b78       0x28 c:/winavr-20100110/bin/../lib/gcc/avr/4.3.3/avr5\libgcc.a(_udivmodhi4.o)
                0x00003b78                __udivmodhi4
                0x00003ba0                . = ALIGN (0x2)
 *(.fini9)
 .fini9         0x00003ba0        0x0 c:/winavr-20100110/bin/../lib/gcc/avr/4.3.3/avr5\libgcc.a(_exit.o)
                0x00003ba0                exit
                0x00003ba0                _exit
 *(.fini9)
 *(.fini8)
 *(.fini8)
 *(.fini7)
 *(.fini7)
 *(.fini6)
 *(.fini6)
 *(.fini5)
 *(.fini5)
 *(.fini4)
 *(.fini4)
 *(.fini3)
 *(.fini3)
 *(.fini2)
 *(.fini2)
 *(.fini1)
 *(.fini1)
 *(.fini0)
 .fini0         0x00003ba0        0x4 c:/winavr-20100110/bin/../lib/gcc/avr/4.3.3/avr5\libgcc.a(_exit.o)
 *(.fini0)
                0x00003ba4                _etext = .

.data           0x00800060      0x152 load address 0x00003ba4
                0x00800060                PROVIDE (__data_start, .)
 *(.data)
 .data          0x00800060        0x0 c:/winavr-20100110/bin/../lib/gcc/avr/4.3.3/../../../../avr/lib/avr5/crtm32.o
 .data          0x00800060       0x10 ./src/Service_Layer/FreeRTOS/Src/PollQ.o
 .data          0x00800070        0x0 ./src/Service_Layer/FreeRTOS/Src/croutine.o
 .data          0x00800070        0x0 ./src/Service_Layer/FreeRTOS/Src/event_groups.o
 .data          0x00800070        0x0 ./src/Service_Layer/FreeRTOS/Src/heap_1.o
 .data          0x00800070        0x8 ./src/Service_Layer/FreeRTOS/Src/integer.o
 .data          0x00800078        0x0 ./src/Service_Layer/FreeRTOS/Src/list.o
 .data          0x00800078        0x0 ./src/Service_Layer/FreeRTOS/Src/port.o
 .data          0x00800078        0x0 ./src/Service_Layer/FreeRTOS/Src/queue.o
 .data          0x00800078        0x5 ./src/Service_Layer/FreeRTOS/Src/tasks.o
 .data          0x0080007d        0x0 ./src/MCAL/ADC.o
 .data          0x0080007d        0x0 ./src/MCAL/DIO.o
 .data          0x0080007d        0x0 ./src/MCAL/usart_driver.o
 .data          0x0080007d        0x0 ./src/HAL/LCD.o
 .data          0x0080007d        0x0 ./src/HAL/LDR.o
 .data          0x0080007d        0x0 ./src/HAL/Temperature.o
 .data          0x0080007d        0xe ./src/HAL/Wifi_ESP8266.o
 .data          0x0080008b        0x0 ./src/APP/T_DataInputs.o
 .data          0x0080008b       0x1d ./src/APP/T_Display.o
 .data          0x008000a8        0x0 ./src/APP/T_Execute.o
 .data          0x008000a8        0x0 ./src/APP/T_Receive.o
 .data          0x008000a8        0x0 ./src/APP/T_TX_Handler.o
 .data          0x008000a8        0x0 ./src/APP/T_Transmit.o
 .data          0x008000a8        0x0 ./src/APP/main.o
 .data          0x008000a8        0x0 c:/winavr-20100110/bin/../lib/gcc/avr/4.3.3/avr5\libgcc.a(_mulsi3.o)
 .data          0x008000a8        0x0 c:/winavr-20100110/bin/../lib/gcc/avr/4.3.3/avr5\libgcc.a(_udivmodsi4.o)
 .data          0x008000a8        0x0 c:/winavr-20100110/bin/../lib/gcc/avr/4.3.3/avr5\libgcc.a(_divmodsi4.o)
 .data          0x008000a8        0x0 c:/winavr-20100110/bin/../lib/gcc/avr/4.3.3/avr5\libgcc.a(_exit.o)
 .data          0x008000a8        0x0 c:/winavr-20100110/bin/../lib/gcc/avr/4.3.3/avr5\libgcc.a(_copy_data.o)
 .data          0x008000a8        0x0 c:/winavr-20100110/bin/../lib/gcc/avr/4.3.3/avr5\libgcc.a(_clear_bss.o)
 .data          0x008000a8        0x0 c:/winavr-20100110/bin/../lib/gcc/avr/4.3.3/avr5\libgcc.a(_fixunssfsi.o)
 .data          0x008000a8        0x0 c:/winavr-20100110/bin/../lib/gcc/avr/4.3.3/avr5\libgcc.a(_addsub_sf.o)
 .data          0x008000a8        0x0 c:/winavr-20100110/bin/../lib/gcc/avr/4.3.3/avr5\libgcc.a(_mul_sf.o)
 .data          0x008000a8        0x0 c:/winavr-20100110/bin/../lib/gcc/avr/4.3.3/avr5\libgcc.a(_div_sf.o)
 .data          0x008000a8        0x0 c:/winavr-20100110/bin/../lib/gcc/avr/4.3.3/avr5\libgcc.a(_ge_sf.o)
 .data          0x008000a8        0x0 c:/winavr-20100110/bin/../lib/gcc/avr/4.3.3/avr5\libgcc.a(_si_to_sf.o)
 .data          0x008000a8        0x0 c:/winavr-20100110/bin/../lib/gcc/avr/4.3.3/avr5\libgcc.a(_sf_to_si.o)
 .data          0x008000a8        0x8 c:/winavr-20100110/bin/../lib/gcc/avr/4.3.3/avr5\libgcc.a(_thenan_sf.o)
                0x008000a8                __thenan_sf
 .data          0x008000b0        0x0 c:/winavr-20100110/bin/../lib/gcc/avr/4.3.3/avr5\libgcc.a(_usi_to_sf.o)
 .data          0x008000b0        0x0 c:/winavr-20100110/bin/../lib/gcc/avr/4.3.3/avr5\libgcc.a(_prologue.o)
 .data          0x008000b0        0x0 c:/winavr-20100110/bin/../lib/gcc/avr/4.3.3/avr5\libgcc.a(_epilogue.o)
 .data          0x008000b0        0x0 c:/winavr-20100110/bin/../lib/gcc/avr/4.3.3/avr5\libgcc.a(_clzsi2.o)
 .data          0x008000b0        0x0 c:/winavr-20100110/bin/../lib/gcc/avr/4.3.3/avr5\libgcc.a(_pack_sf.o)
 .data          0x008000b0        0x0 c:/winavr-20100110/bin/../lib/gcc/avr/4.3.3/avr5\libgcc.a(_unpack_sf.o)
 .data          0x008000b0        0x0 c:/winavr-20100110/bin/../lib/gcc/avr/4.3.3/avr5\libgcc.a(_fpcmp_parts_sf.o)
 .data          0x008000b0      0x100 c:/winavr-20100110/bin/../lib/gcc/avr/4.3.3/avr5\libgcc.a(_clz.o)
                0x008000b0                __clz_tab
 .data          0x008001b0        0x0 c:/winavr-20100110/bin/../lib/gcc/avr/4.3.3/../../../../avr/lib/avr5\libc.a(memcpy.o)
 .data          0x008001b0        0x0 c:/winavr-20100110/bin/../lib/gcc/avr/4.3.3/../../../../avr/lib/avr5\libc.a(itoa.o)
 .data          0x008001b0        0x0 c:/winavr-20100110/bin/../lib/gcc/avr/4.3.3/../../../../avr/lib/avr5\libc.a(strrev.o)
 .data          0x008001b0        0x0 c:/winavr-20100110/bin/../lib/gcc/avr/4.3.3/avr5\libgcc.a(_udivmodhi4.o)
 *(.data*)
 .data.xNextTaskUnblockTime
                0x008001b0        0x2 ./src/Service_Layer/FreeRTOS/Src/tasks.o
 *(.rodata)
 *(.rodata*)
 *(.gnu.linkonce.d*)
                0x008001b2                . = ALIGN (0x2)
                0x008001b2                _edata = .
                0x008001b2                PROVIDE (__data_end, .)

.bss            0x008001b2      0x5c7
                0x008001b2                PROVIDE (__bss_start, .)
 *(.bss)
 .bss           0x008001b2        0x0 c:/winavr-20100110/bin/../lib/gcc/avr/4.3.3/../../../../avr/lib/avr5/crtm32.o
 .bss           0x008001b2        0x0 ./src/Service_Layer/FreeRTOS/Src/PollQ.o
 .bss           0x008001b2        0x0 ./src/Service_Layer/FreeRTOS/Src/croutine.o
 .bss           0x008001b2        0x0 ./src/Service_Layer/FreeRTOS/Src/event_groups.o
 .bss           0x008001b2        0x0 ./src/Service_Layer/FreeRTOS/Src/heap_1.o
 .bss           0x008001b2        0x0 ./src/Service_Layer/FreeRTOS/Src/integer.o
 .bss           0x008001b2        0x0 ./src/Service_Layer/FreeRTOS/Src/list.o
 .bss           0x008001b2        0x0 ./src/Service_Layer/FreeRTOS/Src/port.o
 .bss           0x008001b2        0x0 ./src/Service_Layer/FreeRTOS/Src/queue.o
 .bss           0x008001b2        0x0 ./src/Service_Layer/FreeRTOS/Src/tasks.o
 .bss           0x008001b2        0x0 ./src/MCAL/ADC.o
 .bss           0x008001b2        0x0 ./src/MCAL/DIO.o
 .bss           0x008001b2        0x0 ./src/MCAL/usart_driver.o
 .bss           0x008001b2        0x0 ./src/HAL/LCD.o
 .bss           0x008001b2        0x0 ./src/HAL/LDR.o
 .bss           0x008001b2        0x0 ./src/HAL/Temperature.o
 .bss           0x008001b2        0x0 ./src/HAL/Wifi_ESP8266.o
 .bss           0x008001b2        0x0 ./src/APP/T_DataInputs.o
 .bss           0x008001b2        0x0 ./src/APP/T_Display.o
 .bss           0x008001b2        0x0 ./src/APP/T_Execute.o
 .bss           0x008001b2        0x0 ./src/APP/T_Receive.o
 .bss           0x008001b2        0x0 ./src/APP/T_TX_Handler.o
 .bss           0x008001b2        0x0 ./src/APP/T_Transmit.o
 .bss           0x008001b2        0x0 ./src/APP/main.o
 .bss           0x008001b2        0x0 c:/winavr-20100110/bin/../lib/gcc/avr/4.3.3/avr5\libgcc.a(_mulsi3.o)
 .bss           0x008001b2        0x0 c:/winavr-20100110/bin/../lib/gcc/avr/4.3.3/avr5\libgcc.a(_udivmodsi4.o)
 .bss           0x008001b2        0x0 c:/winavr-20100110/bin/../lib/gcc/avr/4.3.3/avr5\libgcc.a(_divmodsi4.o)
 .bss           0x008001b2        0x0 c:/winavr-20100110/bin/../lib/gcc/avr/4.3.3/avr5\libgcc.a(_exit.o)
 .bss           0x008001b2        0x0 c:/winavr-20100110/bin/../lib/gcc/avr/4.3.3/avr5\libgcc.a(_copy_data.o)
 .bss           0x008001b2        0x0 c:/winavr-20100110/bin/../lib/gcc/avr/4.3.3/avr5\libgcc.a(_clear_bss.o)
 .bss           0x008001b2        0x0 c:/winavr-20100110/bin/../lib/gcc/avr/4.3.3/avr5\libgcc.a(_fixunssfsi.o)
 .bss           0x008001b2        0x0 c:/winavr-20100110/bin/../lib/gcc/avr/4.3.3/avr5\libgcc.a(_addsub_sf.o)
 .bss           0x008001b2        0x0 c:/winavr-20100110/bin/../lib/gcc/avr/4.3.3/avr5\libgcc.a(_mul_sf.o)
 .bss           0x008001b2        0x0 c:/winavr-20100110/bin/../lib/gcc/avr/4.3.3/avr5\libgcc.a(_div_sf.o)
 .bss           0x008001b2        0x0 c:/winavr-20100110/bin/../lib/gcc/avr/4.3.3/avr5\libgcc.a(_ge_sf.o)
 .bss           0x008001b2        0x0 c:/winavr-20100110/bin/../lib/gcc/avr/4.3.3/avr5\libgcc.a(_si_to_sf.o)
 .bss           0x008001b2        0x0 c:/winavr-20100110/bin/../lib/gcc/avr/4.3.3/avr5\libgcc.a(_sf_to_si.o)
 .bss           0x008001b2        0x0 c:/winavr-20100110/bin/../lib/gcc/avr/4.3.3/avr5\libgcc.a(_thenan_sf.o)
 .bss           0x008001b2        0x0 c:/winavr-20100110/bin/../lib/gcc/avr/4.3.3/avr5\libgcc.a(_usi_to_sf.o)
 .bss           0x008001b2        0x0 c:/winavr-20100110/bin/../lib/gcc/avr/4.3.3/avr5\libgcc.a(_prologue.o)
 .bss           0x008001b2        0x0 c:/winavr-20100110/bin/../lib/gcc/avr/4.3.3/avr5\libgcc.a(_epilogue.o)
 .bss           0x008001b2        0x0 c:/winavr-20100110/bin/../lib/gcc/avr/4.3.3/avr5\libgcc.a(_clzsi2.o)
 .bss           0x008001b2        0x0 c:/winavr-20100110/bin/../lib/gcc/avr/4.3.3/avr5\libgcc.a(_pack_sf.o)
 .bss           0x008001b2        0x0 c:/winavr-20100110/bin/../lib/gcc/avr/4.3.3/avr5\libgcc.a(_unpack_sf.o)
 .bss           0x008001b2        0x0 c:/winavr-20100110/bin/../lib/gcc/avr/4.3.3/avr5\libgcc.a(_fpcmp_parts_sf.o)
 .bss           0x008001b2        0x0 c:/winavr-20100110/bin/../lib/gcc/avr/4.3.3/avr5\libgcc.a(_clz.o)
 .bss           0x008001b2        0x0 c:/winavr-20100110/bin/../lib/gcc/avr/4.3.3/../../../../avr/lib/avr5\libc.a(memcpy.o)
 .bss           0x008001b2        0x0 c:/winavr-20100110/bin/../lib/gcc/avr/4.3.3/../../../../avr/lib/avr5\libc.a(itoa.o)
 .bss           0x008001b2        0x0 c:/winavr-20100110/bin/../lib/gcc/avr/4.3.3/../../../../avr/lib/avr5\libc.a(strrev.o)
 .bss           0x008001b2        0x0 c:/winavr-20100110/bin/../lib/gcc/avr/4.3.3/avr5\libgcc.a(_udivmodhi4.o)
 *(.bss*)
 .bss.xPollingConsumerCount
                0x008001b2        0x1 ./src/Service_Layer/FreeRTOS/Src/PollQ.o
 .bss.xPollingProducerCount
                0x008001b3        0x1 ./src/Service_Layer/FreeRTOS/Src/PollQ.o
 .bss.xPolledQueue.1653
                0x008001b4        0x2 ./src/Service_Layer/FreeRTOS/Src/PollQ.o
 .bss.pxCurrentCoRoutine
                0x008001b6        0x2 ./src/Service_Layer/FreeRTOS/Src/croutine.o
                0x008001b6                pxCurrentCoRoutine
 .bss.uxTopCoRoutineReadyPriority
                0x008001b8        0x1 ./src/Service_Layer/FreeRTOS/Src/croutine.o
 .bss.xLastTickCount
                0x008001b9        0x2 ./src/Service_Layer/FreeRTOS/Src/croutine.o
 .bss.xPassedTicks
                0x008001bb        0x2 ./src/Service_Layer/FreeRTOS/Src/croutine.o
 .bss.xCoRoutineTickCount
                0x008001bd        0x2 ./src/Service_Layer/FreeRTOS/Src/croutine.o
 .bss.pxReadyCoRoutineLists
                0x008001bf       0x12 ./src/Service_Layer/FreeRTOS/Src/croutine.o
 .bss.xDelayedCoRoutineList1
                0x008001d1        0x9 ./src/Service_Layer/FreeRTOS/Src/croutine.o
 .bss.xDelayedCoRoutineList2
                0x008001da        0x9 ./src/Service_Layer/FreeRTOS/Src/croutine.o
 .bss.pxDelayedCoRoutineList
                0x008001e3        0x2 ./src/Service_Layer/FreeRTOS/Src/croutine.o
 .bss.pxOverflowDelayedCoRoutineList
                0x008001e5        0x2 ./src/Service_Layer/FreeRTOS/Src/croutine.o
 .bss.xPendingReadyCoRoutineList
                0x008001e7        0x9 ./src/Service_Layer/FreeRTOS/Src/croutine.o
 .bss.xNextFreeByte
                0x008001f0        0x2 ./src/Service_Layer/FreeRTOS/Src/heap_1.o
 .bss.pucAlignedHeap.1541
                0x008001f2        0x2 ./src/Service_Layer/FreeRTOS/Src/heap_1.o
 .bss.ucHeap    0x008001f4      0x514 ./src/Service_Layer/FreeRTOS/Src/heap_1.o
 .bss.xTaskCheck
                0x00800708        0x1 ./src/Service_Layer/FreeRTOS/Src/integer.o
 .bss.pxCurrentTCB
                0x00800709        0x2 ./src/Service_Layer/FreeRTOS/Src/tasks.o
                0x00800709                pxCurrentTCB
 .bss.uxTopReadyPriority
                0x0080070b        0x1 ./src/Service_Layer/FreeRTOS/Src/tasks.o
 .bss.xYieldPending
                0x0080070c        0x1 ./src/Service_Layer/FreeRTOS/Src/tasks.o
 .bss.xTickCount
                0x0080070d        0x2 ./src/Service_Layer/FreeRTOS/Src/tasks.o
 .bss.xNumOfOverflows
                0x0080070f        0x1 ./src/Service_Layer/FreeRTOS/Src/tasks.o
 .bss.uxSchedulerSuspended
                0x00800710        0x1 ./src/Service_Layer/FreeRTOS/Src/tasks.o
 .bss.uxPendedTicks
                0x00800711        0x1 ./src/Service_Layer/FreeRTOS/Src/tasks.o
 .bss.uxCurrentNumberOfTasks
                0x00800712        0x1 ./src/Service_Layer/FreeRTOS/Src/tasks.o
 .bss.xSchedulerRunning
                0x00800713        0x1 ./src/Service_Layer/FreeRTOS/Src/tasks.o
 .bss.uxTasksDeleted
                0x00800714        0x1 ./src/Service_Layer/FreeRTOS/Src/tasks.o
 .bss.uxTaskNumber
                0x00800715        0x1 ./src/Service_Layer/FreeRTOS/Src/tasks.o
 .bss.pxReadyTasksLists
                0x00800716       0x24 ./src/Service_Layer/FreeRTOS/Src/tasks.o
 .bss.xDelayedTaskList1
                0x0080073a        0x9 ./src/Service_Layer/FreeRTOS/Src/tasks.o
 .bss.xDelayedTaskList2
                0x00800743        0x9 ./src/Service_Layer/FreeRTOS/Src/tasks.o
 .bss.pxDelayedTaskList
                0x0080074c        0x2 ./src/Service_Layer/FreeRTOS/Src/tasks.o
 .bss.pxOverflowDelayedTaskList
                0x0080074e        0x2 ./src/Service_Layer/FreeRTOS/Src/tasks.o
 .bss.xPendingReadyList
                0x00800750        0x9 ./src/Service_Layer/FreeRTOS/Src/tasks.o
 .bss.xTasksWaitingTermination
                0x00800759        0x9 ./src/Service_Layer/FreeRTOS/Src/tasks.o
 *(COMMON)
 COMMON         0x00800762       0x17 ./src/APP/main.o
                0x00800762                BS_RXC_Interrupt
                0x00800764                BS_TXC_Interrupt
                0x00800766                LightData
                0x0080076b                Pending_Data_F
                0x0080076c                Q_Uart_RX
                0x0080076e                Q_Uart_TX
                0x00800770                TempData
                0x00800775                Q_Order
                0x00800777                Mutex_Data
                0x00800779                PROVIDE (__bss_end, .)
                0x00003ba4                __data_load_start = LOADADDR (.data)
                0x00003cf6                __data_load_end = (__data_load_start + SIZEOF (.data))

.noinit         0x00800779        0x0
                0x00800779                PROVIDE (__noinit_start, .)
 *(.noinit*)
                0x00800779                PROVIDE (__noinit_end, .)
                0x00800779                _end = .
                0x00800779                PROVIDE (__heap_start, .)

.eeprom         0x00810000        0x0
 *(.eeprom*)
                0x00810000                __eeprom_end = .

.fuse
 *(.fuse)
 *(.lfuse)
 *(.hfuse)
 *(.efuse)

.lock
 *(.lock*)

.signature
 *(.signature*)

.stab
 *(.stab)

.stabstr
 *(.stabstr)

.stab.excl
 *(.stab.excl)

.stab.exclstr
 *(.stab.exclstr)

.stab.index
 *(.stab.index)

.stab.indexstr
 *(.stab.indexstr)

.comment
 *(.comment)

.debug
 *(.debug)

.line
 *(.line)

.debug_srcinfo
 *(.debug_srcinfo)

.debug_sfnames
 *(.debug_sfnames)

.debug_aranges  0x00000000      0x180
 *(.debug_aranges)
 .debug_aranges
                0x00000000       0x20 c:/winavr-20100110/bin/../lib/gcc/avr/4.3.3/avr5\libgcc.a(_fixunssfsi.o)
 .debug_aranges
                0x00000020       0x20 c:/winavr-20100110/bin/../lib/gcc/avr/4.3.3/avr5\libgcc.a(_addsub_sf.o)
 .debug_aranges
                0x00000040       0x20 c:/winavr-20100110/bin/../lib/gcc/avr/4.3.3/avr5\libgcc.a(_mul_sf.o)
 .debug_aranges
                0x00000060       0x20 c:/winavr-20100110/bin/../lib/gcc/avr/4.3.3/avr5\libgcc.a(_div_sf.o)
 .debug_aranges
                0x00000080       0x20 c:/winavr-20100110/bin/../lib/gcc/avr/4.3.3/avr5\libgcc.a(_ge_sf.o)
 .debug_aranges
                0x000000a0       0x20 c:/winavr-20100110/bin/../lib/gcc/avr/4.3.3/avr5\libgcc.a(_si_to_sf.o)
 .debug_aranges
                0x000000c0       0x20 c:/winavr-20100110/bin/../lib/gcc/avr/4.3.3/avr5\libgcc.a(_sf_to_si.o)
 .debug_aranges
                0x000000e0       0x20 c:/winavr-20100110/bin/../lib/gcc/avr/4.3.3/avr5\libgcc.a(_usi_to_sf.o)
 .debug_aranges
                0x00000100       0x20 c:/winavr-20100110/bin/../lib/gcc/avr/4.3.3/avr5\libgcc.a(_clzsi2.o)
 .debug_aranges
                0x00000120       0x20 c:/winavr-20100110/bin/../lib/gcc/avr/4.3.3/avr5\libgcc.a(_pack_sf.o)
 .debug_aranges
                0x00000140       0x20 c:/winavr-20100110/bin/../lib/gcc/avr/4.3.3/avr5\libgcc.a(_unpack_sf.o)
 .debug_aranges
                0x00000160       0x20 c:/winavr-20100110/bin/../lib/gcc/avr/4.3.3/avr5\libgcc.a(_fpcmp_parts_sf.o)

.debug_pubnames
                0x00000000      0x1d8
 *(.debug_pubnames)
 .debug_pubnames
                0x00000000       0x23 c:/winavr-20100110/bin/../lib/gcc/avr/4.3.3/avr5\libgcc.a(_fixunssfsi.o)
 .debug_pubnames
                0x00000023       0x2c c:/winavr-20100110/bin/../lib/gcc/avr/4.3.3/avr5\libgcc.a(_addsub_sf.o)
 .debug_pubnames
                0x0000004f       0x1f c:/winavr-20100110/bin/../lib/gcc/avr/4.3.3/avr5\libgcc.a(_mul_sf.o)
 .debug_pubnames
                0x0000006e       0x1f c:/winavr-20100110/bin/../lib/gcc/avr/4.3.3/avr5\libgcc.a(_div_sf.o)
 .debug_pubnames
                0x0000008d       0x1e c:/winavr-20100110/bin/../lib/gcc/avr/4.3.3/avr5\libgcc.a(_ge_sf.o)
 .debug_pubnames
                0x000000ab       0x22 c:/winavr-20100110/bin/../lib/gcc/avr/4.3.3/avr5\libgcc.a(_si_to_sf.o)
 .debug_pubnames
                0x000000cd       0x20 c:/winavr-20100110/bin/../lib/gcc/avr/4.3.3/avr5\libgcc.a(_sf_to_si.o)
 .debug_pubnames
                0x000000ed       0x22 c:/winavr-20100110/bin/../lib/gcc/avr/4.3.3/avr5\libgcc.a(_thenan_sf.o)
 .debug_pubnames
                0x0000010f       0x24 c:/winavr-20100110/bin/../lib/gcc/avr/4.3.3/avr5\libgcc.a(_usi_to_sf.o)
 .debug_pubnames
                0x00000133       0x1f c:/winavr-20100110/bin/../lib/gcc/avr/4.3.3/avr5\libgcc.a(_clzsi2.o)
 .debug_pubnames
                0x00000152       0x1f c:/winavr-20100110/bin/../lib/gcc/avr/4.3.3/avr5\libgcc.a(_pack_sf.o)
 .debug_pubnames
                0x00000171       0x21 c:/winavr-20100110/bin/../lib/gcc/avr/4.3.3/avr5\libgcc.a(_unpack_sf.o)
 .debug_pubnames
                0x00000192       0x26 c:/winavr-20100110/bin/../lib/gcc/avr/4.3.3/avr5\libgcc.a(_fpcmp_parts_sf.o)
 .debug_pubnames
                0x000001b8       0x20 c:/winavr-20100110/bin/../lib/gcc/avr/4.3.3/avr5\libgcc.a(_clz.o)

.debug_info     0x00000000     0x2114
 *(.debug_info)
 .debug_info    0x00000000       0xb1 c:/winavr-20100110/bin/../lib/gcc/avr/4.3.3/avr5\libgcc.a(_fixunssfsi.o)
 .debug_info    0x000000b1      0x47a c:/winavr-20100110/bin/../lib/gcc/avr/4.3.3/avr5\libgcc.a(_addsub_sf.o)
 .debug_info    0x0000052b      0x485 c:/winavr-20100110/bin/../lib/gcc/avr/4.3.3/avr5\libgcc.a(_mul_sf.o)
 .debug_info    0x000009b0      0x3fc c:/winavr-20100110/bin/../lib/gcc/avr/4.3.3/avr5\libgcc.a(_div_sf.o)
 .debug_info    0x00000dac      0x27f c:/winavr-20100110/bin/../lib/gcc/avr/4.3.3/avr5\libgcc.a(_ge_sf.o)
 .debug_info    0x0000102b      0x207 c:/winavr-20100110/bin/../lib/gcc/avr/4.3.3/avr5\libgcc.a(_si_to_sf.o)
 .debug_info    0x00001232      0x2b0 c:/winavr-20100110/bin/../lib/gcc/avr/4.3.3/avr5\libgcc.a(_sf_to_si.o)
 .debug_info    0x000014e2      0x12c c:/winavr-20100110/bin/../lib/gcc/avr/4.3.3/avr5\libgcc.a(_thenan_sf.o)
 .debug_info    0x0000160e      0x206 c:/winavr-20100110/bin/../lib/gcc/avr/4.3.3/avr5\libgcc.a(_usi_to_sf.o)
 .debug_info    0x00001814      0x117 c:/winavr-20100110/bin/../lib/gcc/avr/4.3.3/avr5\libgcc.a(_clzsi2.o)
 .debug_info    0x0000192b      0x2df c:/winavr-20100110/bin/../lib/gcc/avr/4.3.3/avr5\libgcc.a(_pack_sf.o)
 .debug_info    0x00001c0a      0x251 c:/winavr-20100110/bin/../lib/gcc/avr/4.3.3/avr5\libgcc.a(_unpack_sf.o)
 .debug_info    0x00001e5b      0x210 c:/winavr-20100110/bin/../lib/gcc/avr/4.3.3/avr5\libgcc.a(_fpcmp_parts_sf.o)
 .debug_info    0x0000206b       0xa9 c:/winavr-20100110/bin/../lib/gcc/avr/4.3.3/avr5\libgcc.a(_clz.o)
 *(.gnu.linkonce.wi.*)

.debug_abbrev   0x00000000     0x121a
 *(.debug_abbrev)
 .debug_abbrev  0x00000000       0x5d c:/winavr-20100110/bin/../lib/gcc/avr/4.3.3/avr5\libgcc.a(_fixunssfsi.o)
 .debug_abbrev  0x0000005d      0x1ea c:/winavr-20100110/bin/../lib/gcc/avr/4.3.3/avr5\libgcc.a(_addsub_sf.o)
 .debug_abbrev  0x00000247      0x21b c:/winavr-20100110/bin/../lib/gcc/avr/4.3.3/avr5\libgcc.a(_mul_sf.o)
 .debug_abbrev  0x00000462      0x216 c:/winavr-20100110/bin/../lib/gcc/avr/4.3.3/avr5\libgcc.a(_div_sf.o)
 .debug_abbrev  0x00000678      0x15a c:/winavr-20100110/bin/../lib/gcc/avr/4.3.3/avr5\libgcc.a(_ge_sf.o)
 .debug_abbrev  0x000007d2      0x148 c:/winavr-20100110/bin/../lib/gcc/avr/4.3.3/avr5\libgcc.a(_si_to_sf.o)
 .debug_abbrev  0x0000091a      0x17f c:/winavr-20100110/bin/../lib/gcc/avr/4.3.3/avr5\libgcc.a(_sf_to_si.o)
 .debug_abbrev  0x00000a99       0xad c:/winavr-20100110/bin/../lib/gcc/avr/4.3.3/avr5\libgcc.a(_thenan_sf.o)
 .debug_abbrev  0x00000b46      0x157 c:/winavr-20100110/bin/../lib/gcc/avr/4.3.3/avr5\libgcc.a(_usi_to_sf.o)
 .debug_abbrev  0x00000c9d       0xc4 c:/winavr-20100110/bin/../lib/gcc/avr/4.3.3/avr5\libgcc.a(_clzsi2.o)
 .debug_abbrev  0x00000d61      0x1c0 c:/winavr-20100110/bin/../lib/gcc/avr/4.3.3/avr5\libgcc.a(_pack_sf.o)
 .debug_abbrev  0x00000f21      0x154 c:/winavr-20100110/bin/../lib/gcc/avr/4.3.3/avr5\libgcc.a(_unpack_sf.o)
 .debug_abbrev  0x00001075      0x13b c:/winavr-20100110/bin/../lib/gcc/avr/4.3.3/avr5\libgcc.a(_fpcmp_parts_sf.o)
 .debug_abbrev  0x000011b0       0x6a c:/winavr-20100110/bin/../lib/gcc/avr/4.3.3/avr5\libgcc.a(_clz.o)

.debug_line     0x00000000     0x1165
 *(.debug_line)
 .debug_line    0x00000000       0xa7 c:/winavr-20100110/bin/../lib/gcc/avr/4.3.3/avr5\libgcc.a(_fixunssfsi.o)
 .debug_line    0x000000a7      0x2af c:/winavr-20100110/bin/../lib/gcc/avr/4.3.3/avr5\libgcc.a(_addsub_sf.o)
 .debug_line    0x00000356      0x239 c:/winavr-20100110/bin/../lib/gcc/avr/4.3.3/avr5\libgcc.a(_mul_sf.o)
 .debug_line    0x0000058f      0x1d5 c:/winavr-20100110/bin/../lib/gcc/avr/4.3.3/avr5\libgcc.a(_div_sf.o)
 .debug_line    0x00000764       0xd3 c:/winavr-20100110/bin/../lib/gcc/avr/4.3.3/avr5\libgcc.a(_ge_sf.o)
 .debug_line    0x00000837      0x135 c:/winavr-20100110/bin/../lib/gcc/avr/4.3.3/avr5\libgcc.a(_si_to_sf.o)
 .debug_line    0x0000096c      0x109 c:/winavr-20100110/bin/../lib/gcc/avr/4.3.3/avr5\libgcc.a(_sf_to_si.o)
 .debug_line    0x00000a75       0x90 c:/winavr-20100110/bin/../lib/gcc/avr/4.3.3/avr5\libgcc.a(_thenan_sf.o)
 .debug_line    0x00000b05      0x133 c:/winavr-20100110/bin/../lib/gcc/avr/4.3.3/avr5\libgcc.a(_usi_to_sf.o)
 .debug_line    0x00000c38       0xa5 c:/winavr-20100110/bin/../lib/gcc/avr/4.3.3/avr5\libgcc.a(_clzsi2.o)
 .debug_line    0x00000cdd      0x18a c:/winavr-20100110/bin/../lib/gcc/avr/4.3.3/avr5\libgcc.a(_pack_sf.o)
 .debug_line    0x00000e67      0x14b c:/winavr-20100110/bin/../lib/gcc/avr/4.3.3/avr5\libgcc.a(_unpack_sf.o)
 .debug_line    0x00000fb2      0x137 c:/winavr-20100110/bin/../lib/gcc/avr/4.3.3/avr5\libgcc.a(_fpcmp_parts_sf.o)
 .debug_line    0x000010e9       0x7c c:/winavr-20100110/bin/../lib/gcc/avr/4.3.3/avr5\libgcc.a(_clz.o)

.debug_frame    0x00000000      0x1a0
 *(.debug_frame)
 .debug_frame   0x00000000       0x20 c:/winavr-20100110/bin/../lib/gcc/avr/4.3.3/avr5\libgcc.a(_fixunssfsi.o)
 .debug_frame   0x00000020       0x40 c:/winavr-20100110/bin/../lib/gcc/avr/4.3.3/avr5\libgcc.a(_addsub_sf.o)
 .debug_frame   0x00000060       0x20 c:/winavr-20100110/bin/../lib/gcc/avr/4.3.3/avr5\libgcc.a(_mul_sf.o)
 .debug_frame   0x00000080       0x20 c:/winavr-20100110/bin/../lib/gcc/avr/4.3.3/avr5\libgcc.a(_div_sf.o)
 .debug_frame   0x000000a0       0x20 c:/winavr-20100110/bin/../lib/gcc/avr/4.3.3/avr5\libgcc.a(_ge_sf.o)
 .debug_frame   0x000000c0       0x20 c:/winavr-20100110/bin/../lib/gcc/avr/4.3.3/avr5\libgcc.a(_si_to_sf.o)
 .debug_frame   0x000000e0       0x20 c:/winavr-20100110/bin/../lib/gcc/avr/4.3.3/avr5\libgcc.a(_sf_to_si.o)
 .debug_frame   0x00000100       0x20 c:/winavr-20100110/bin/../lib/gcc/avr/4.3.3/avr5\libgcc.a(_usi_to_sf.o)
 .debug_frame   0x00000120       0x20 c:/winavr-20100110/bin/../lib/gcc/avr/4.3.3/avr5\libgcc.a(_clzsi2.o)
 .debug_frame   0x00000140       0x20 c:/winavr-20100110/bin/../lib/gcc/avr/4.3.3/avr5\libgcc.a(_pack_sf.o)
 .debug_frame   0x00000160       0x20 c:/winavr-20100110/bin/../lib/gcc/avr/4.3.3/avr5\libgcc.a(_unpack_sf.o)
 .debug_frame   0x00000180       0x20 c:/winavr-20100110/bin/../lib/gcc/avr/4.3.3/avr5\libgcc.a(_fpcmp_parts_sf.o)

.debug_str      0x00000000      0x2f7
 *(.debug_str)
 .debug_str     0x00000000       0xbf c:/winavr-20100110/bin/../lib/gcc/avr/4.3.3/avr5\libgcc.a(_fixunssfsi.o)
                                 0xfe (size before relaxing)
 .debug_str     0x000000bf      0x14d c:/winavr-20100110/bin/../lib/gcc/avr/4.3.3/avr5\libgcc.a(_addsub_sf.o)
                                0x206 (size before relaxing)
 .debug_str     0x0000020c       0x27 c:/winavr-20100110/bin/../lib/gcc/avr/4.3.3/avr5\libgcc.a(_mul_sf.o)
                                0x1bf (size before relaxing)
 .debug_str     0x00000233       0x35 c:/winavr-20100110/bin/../lib/gcc/avr/4.3.3/avr5\libgcc.a(_div_sf.o)
                                0x1c8 (size before relaxing)
 .debug_str     0x00000268        0x8 c:/winavr-20100110/bin/../lib/gcc/avr/4.3.3/avr5\libgcc.a(_ge_sf.o)
                                0x195 (size before relaxing)
 .debug_str     0x00000270       0x1e c:/winavr-20100110/bin/../lib/gcc/avr/4.3.3/avr5\libgcc.a(_si_to_sf.o)
                                0x17b (size before relaxing)
 .debug_str     0x0000028e        0xa c:/winavr-20100110/bin/../lib/gcc/avr/4.3.3/avr5\libgcc.a(_sf_to_si.o)
                                0x19e (size before relaxing)
 .debug_str     0x00000000      0x103 c:/winavr-20100110/bin/../lib/gcc/avr/4.3.3/avr5\libgcc.a(_thenan_sf.o)
 .debug_str     0x00000298       0x14 c:/winavr-20100110/bin/../lib/gcc/avr/4.3.3/avr5\libgcc.a(_usi_to_sf.o)
                                0x177 (size before relaxing)
 .debug_str     0x000002ac       0x20 c:/winavr-20100110/bin/../lib/gcc/avr/4.3.3/avr5\libgcc.a(_clzsi2.o)
                                0x111 (size before relaxing)
 .debug_str     0x000002cc       0x10 c:/winavr-20100110/bin/../lib/gcc/avr/4.3.3/avr5\libgcc.a(_pack_sf.o)
                                0x19d (size before relaxing)
 .debug_str     0x000002dc        0xb c:/winavr-20100110/bin/../lib/gcc/avr/4.3.3/avr5\libgcc.a(_unpack_sf.o)
                                0x17f (size before relaxing)
 .debug_str     0x000002e7       0x10 c:/winavr-20100110/bin/../lib/gcc/avr/4.3.3/avr5\libgcc.a(_fpcmp_parts_sf.o)
                                0x163 (size before relaxing)
 .debug_str     0x00000000       0xf4 c:/winavr-20100110/bin/../lib/gcc/avr/4.3.3/avr5\libgcc.a(_clz.o)

.debug_loc      0x00000000      0x9a2
 *(.debug_loc)
 .debug_loc     0x00000000       0x34 c:/winavr-20100110/bin/../lib/gcc/avr/4.3.3/avr5\libgcc.a(_fixunssfsi.o)
 .debug_loc     0x00000034      0x32a c:/winavr-20100110/bin/../lib/gcc/avr/4.3.3/avr5\libgcc.a(_addsub_sf.o)
 .debug_loc     0x0000035e      0x104 c:/winavr-20100110/bin/../lib/gcc/avr/4.3.3/avr5\libgcc.a(_mul_sf.o)
 .debug_loc     0x00000462       0xc0 c:/winavr-20100110/bin/../lib/gcc/avr/4.3.3/avr5\libgcc.a(_div_sf.o)
 .debug_loc     0x00000522       0x3c c:/winavr-20100110/bin/../lib/gcc/avr/4.3.3/avr5\libgcc.a(_ge_sf.o)
 .debug_loc     0x0000055e       0xac c:/winavr-20100110/bin/../lib/gcc/avr/4.3.3/avr5\libgcc.a(_si_to_sf.o)
 .debug_loc     0x0000060a       0x7e c:/winavr-20100110/bin/../lib/gcc/avr/4.3.3/avr5\libgcc.a(_sf_to_si.o)
 .debug_loc     0x00000688       0x4c c:/winavr-20100110/bin/../lib/gcc/avr/4.3.3/avr5\libgcc.a(_usi_to_sf.o)
 .debug_loc     0x000006d4       0x94 c:/winavr-20100110/bin/../lib/gcc/avr/4.3.3/avr5\libgcc.a(_clzsi2.o)
 .debug_loc     0x00000768      0x13e c:/winavr-20100110/bin/../lib/gcc/avr/4.3.3/avr5\libgcc.a(_pack_sf.o)
 .debug_loc     0x000008a6       0xac c:/winavr-20100110/bin/../lib/gcc/avr/4.3.3/avr5\libgcc.a(_unpack_sf.o)
 .debug_loc     0x00000952       0x50 c:/winavr-20100110/bin/../lib/gcc/avr/4.3.3/avr5\libgcc.a(_fpcmp_parts_sf.o)

.debug_macinfo
 *(.debug_macinfo)
OUTPUT(MY_RTOS_PROJ_V4.elf elf32-avr)
LOAD linker stubs

.debug_ranges   0x00000000       0x50
 .debug_ranges  0x00000000       0x50 c:/winavr-20100110/bin/../lib/gcc/avr/4.3.3/avr5\libgcc.a(_mul_sf.o)
